Microchip MPLAB XC8 PIC(R) Assembler V2.36

Linker command line:

-W-3 --edf=C:\Program Files\Microchip\xc8\v2.36\pic\dat\en_msgs.txt -cs \
  -h+dist/default/production\Code_new3.X.production.sym \
  --cmf=dist/default/production\Code_new3.X.production.cmf -z -Q16F84A \
  -oC:\Users\MOHAME~1\AppData\Local\Temp\xcAsbeg.4 -presetVect=0x0 \
  -ver=XC8 PIC(R) Assembler \
  -Mdist/default/production/Code_new3.X.production.map -E1 --acfsm=1493 \
  -ACODE=00h-03FFh -ASTRCODE=00h-03FFh -ASTRING=00h-0FFhx4 \
  -ACONST=00h-0FFhx4 -AENTRY=00h-0FFhx4 -ABANK0=0Ch-04Dh -ARAM=0Ch-04Dh \
  -AABS1=0Ch-04Fh -ACOMMON=04Eh-04Fh -ASFR0=00h-0Bh -ASFR1=080h-0CDh \
  -ACONFIG=02007h-02007h -DCONFIG=2 -AIDLOC=02000h-02003h -DIDLOC=2 \
  -AEEDATA=00h-03Fh/02100h -DEEDATA=2 -DCODE=2 -DSTRCODE=2 -DSTRING=2 \
  -DCONST=2 -DENTRY=2 build/default/production/newpic_8b_asm_func.o 

Object code version is 3.11

Machine type is 16F84A



                Name                               Link     Load   Length Selector   Space Scale
build/default/production/newpic_8b_asm_func.o
                config                             2007     2007        1        0       4
                resetVect                             0        0        1        0       0
                code                                3D4      3D4       2C      7A8       0

TOTAL           Name                               Link     Load   Length     Space
        CLASS   CODE           
                resetVect                             0        0        1         0
                code                                3D4      3D4       2C         0

        CLASS   STRCODE        

        CLASS   STRING         

        CLASS   CONST          

        CLASS   ENTRY          

        CLASS   BANK0          

        CLASS   RAM            

        CLASS   ABS1           

        CLASS   COMMON         

        CLASS   SFR0           

        CLASS   SFR1           

        CLASS   CONFIG         
                config                             2007     2007        1         4

        CLASS   IDLOC          

        CLASS   EEDATA         



SEGMENTS        Name                           Load    Length   Top    Selector   Space  Class     Delta

                resetVect                      000000  000001  000001         0       0  CODE        2
                code                           0003D4  00002C  000400       7A8       0  CODE        2


UNUSED ADDRESS RANGES

        Name                Unused          Largest block    Delta
        BANK0            000C-004D             42           1
        CODE             0001-03D3            3D3           2
        COMMON           004E-004F              2           1
        CONST            0001-03D3            100           2
        EEDATA           2100-213F             40           2
        ENTRY            0001-03D3            100           2
        IDLOC            2000-2003              4           2
        RAM              000C-004D             42           1
        SFR0             0002-000B              A           1
        SFR1             0080-00CD             4E           1
        STRCODE          0001-03D3            3D3           2
        STRING           0001-03D3            100           2

                                  Symbol Table

__Hcode        code        0002  __Hconfig      config      2008
__Hdata        data        0002  __Hedata       edata       0002
__HresetVect   resetVect   0001  __Hspace_0     (abs)       0400
__Hspace_1     (abs)       0000  __Hspace_3     (abs)       0000
__Hspace_4     (abs)       400F  __Hudata       udata       0002
__Hudata_bank0 udata_bank0 0002  __Lcode        code        0002
__Lconfig      config      0000  __Ldata        data        0002
__Ledata       edata       0002  __LresetVect   resetVect   0000
__Lspace_0     (abs)       0000  __Lspace_1     (abs)       0000
__Lspace_3     (abs)       0000  __Lspace_4     (abs)       0000
__Ludata       udata       0002  __Ludata_bank0 udata_bank0 0002
__S0           (abs)       0400  __S1           (abs)       0000
__S3           (abs)       0000  
